[2025-10-17 13:29:39] [TRACE]   [OmnipathR] Reading JSON from `/home/melanie/.cache/OmnipathR/cache.json` (encoding: UTF-8).
[2025-10-17 13:29:39] [TRACE]   [OmnipathR] JSON validation successful: TRUE
[2025-10-17 13:29:39] [INFO]    [OmnipathR] Initialized cache: `/home/melanie/.cache/OmnipathR`.
[2025-10-17 13:29:39] [INFO]    [OmnipathR] Package `OmnipathR` packaged: 2025-04-16 22:40:50 UTC; biocbuild
[2025-10-17 13:29:39] [INFO]    [OmnipathR] Package `OmnipathR` date/publication: 2025-04-16
[2025-10-17 13:29:39] [INFO]    [OmnipathR] Package `OmnipathR` built: R 4.5.1; ; 2025-09-02 12:46:07 UTC; unix
[2025-10-17 13:29:39] [INFO]    [OmnipathR] Package `OmnipathR` version: 3.16.0
[2025-10-17 13:29:39] [INFO]    [OmnipathR] Package `OmnipathR` repository: Bioconductor 3.21
[2025-10-17 13:29:40] [INFO]    [OmnipathR] Session info: [version=R version 4.5.1 (2025-06-13); os=Ubuntu 22.04.5 LTS; system=x86_64, linux-gnu; ui=X11; language=en_GB:en; collate=en_GB.UTF-8; ctype=en_GB.UTF-8; tz=Europe/Paris; date=2025-10-17; pandoc=3.4 @ /usr/lib/rstudio/resources/app/bin/quarto/bin/tools/x86_64/ (via rmarkdown); quarto=1.6.42 @ /usr/lib/rstudio/resources/app/bin/quarto/bin/quarto]
[2025-10-17 13:29:40] [INFO]    [OmnipathR] External libraries: [cairo=1.16.0; cairoFT=; pango=1.50.6; png=1.6.37; jpeg=8.0; tiff=LIBTIFF, Version 4.3.0; tcl=8.6.12; curl=7.81.0; zlib=1.2.11; bzlib=1.0.8, 13-Jul-2019; xz=5.2.5; deflate=1.10; PCRE=10.39 2021-10-29; ICU=70.1; TRE=TRE 0.8.0 R_fixes (BSD); iconv=glibc 2.35; readline=8.1; BLAS=/usr/lib/x86_64-linux-gnu/blas/libblas.so.3.10.0; lapack=/usr/lib/x86_64-linux-gnu/lapack/liblapack.so.3.10.0; lapack_version=3.10.0]
[2025-10-17 13:29:40] [INFO]    [OmnipathR] Loaded packages: backports 1.5.0(2024-05-23); bit 4.6.0(2025-03-06); bit64 4.6.0-1(2025-01-16); blob 1.2.4(2023-03-17); cachem 1.1.0(2024-05-16); cellranger 1.1.0(2016-07-27); checkmate 2.3.3(2025-08-18); cli 3.6.5(2025-04-23); crayon 1.5.3(2024-06-20); curl 7.0.0(2025-08-19); DBI 1.2.3(2024-06-02); digest 0.6.37(2024-08-19); dplyr 1.1.4(2023-11-17); evaluate 1.0.5(2025-08-27); fastmap 1.2.0(2024-05-15); fs 1.6.6(2025-04-12); generics 0.1.4(2025-05-09); glue 1.8.0(2024-09-30); hms 1.1.3(2023-03-21); htmltools 0.5.8.1(2024-04-04); httr 1.4.7(2023-08-15); httr2 1.2.1(2025-07-22); igraph 2.1.4(2025-01-23); jsonlite 2.0.0(2025-03-27); knitr 1.50(2025-03-16); later 1.4.4(2025-08-27); lifecycle 1.0.4(2023-11-07); logger 0.4.0(2024-10-22); lubridate 1.9.4(2024-12-08); magrittr 2.0.3(2022-03-30); memoise 2.0.1(2021-11-26); OmnipathR 3.16.0(2025-04-16); pillar 1.11.0(2025-07-04); pkgconfig 2.0.3(2019-09-22); prettyunits 1.2.0(2023-09-24); progress 1.2.3(2023-12-06); purrr 1.1.0(2025-07-10); R.methodsS3 1.8.2(2022-06-13); R.oo 1.27.1(2025-05-02); R.utils 2.13.0(2025-02-24); R6 2.6.1(2025-02-15); rappdirs 0.3.3(2021-01-31); Rcpp 1.1.0(2025-07-02); readr 2.1.5(2024-01-10); readxl 1.4.5(2025-03-07); rlang 1.1.6(2025-04-11); rmarkdown 2.29(2024-11-04); RSQLite 2.4.3(2025-08-20); rstudioapi 0.17.1(2024-10-22); rvest 1.0.5(2025-08-29); sessioninfo 1.2.3(2025-02-05); stringi 1.8.7(2025-03-27); stringr 1.5.1(2023-11-14); tibble 3.3.0(2025-06-08); tidyr 1.3.1(2024-01-24); tidyselect 1.2.1(2024-03-11); timechange 0.3.0(2024-01-18); tzdb 0.5.0(2025-03-15); vctrs 0.6.5(2023-12-01); withr 3.0.2(2024-10-28); xfun 0.53(2025-08-19); XML 3.99-0.19(2025-08-22); xml2 1.4.0(2025-08-20); yaml 2.3.10(2024-07-26); zip 2.3.3(2025-05-13)
[2025-10-17 13:29:40] [INFO]    [OmnipathR] CURL: version: 7.81.0; headers: 7.81.0; ssl_version: OpenSSL/3.0.2; libz_version: 1.2.11; libssh_version: libssh/0.9.6/openssl/zlib; libidn_version: 2.3.2; host: x86_64-pc-linux-gnu; protocols: dict, file, ftp, ftps, gopher, gophers, http, https, imap, imaps, ldap, ldaps, mqtt, pop3, pop3s, rtmp, rtsp, scp, sftp, smb, smbs, smtp, smtps, telnet, tftp; ipv6: TRUE; http2: TRUE; idn: TRUE; url_parser: TRUE
[2025-10-17 13:29:40] [TRACE]   [OmnipathR] Reading JSON from `/home/melanie/R/x86_64-pc-linux-gnu-library/4.5/OmnipathR/db/db_def.json` (encoding: UTF-8).
[2025-10-17 13:29:40] [TRACE]   [OmnipathR] JSON validation successful: TRUE
[2025-10-17 13:29:40] [TRACE]   [OmnipathR] Reading JSON from `/home/melanie/R/x86_64-pc-linux-gnu-library/4.5/OmnipathR/internal/magic_bytes.json` (encoding: UTF-8).
[2025-10-17 13:29:40] [TRACE]   [OmnipathR] JSON validation successful: TRUE
[2025-10-17 13:29:41] [TRACE]   [OmnipathR] Reading JSON from `/home/melanie/R/x86_64-pc-linux-gnu-library/4.5/OmnipathR/internal/urls.json` (encoding: UTF-8).
[2025-10-17 13:29:41] [TRACE]   [OmnipathR] JSON validation successful: TRUE
[2025-10-17 13:29:41] [TRACE]   [OmnipathR] Reading JSON from `/home/melanie/R/x86_64-pc-linux-gnu-library/4.5/OmnipathR/internal/id_types.json` (encoding: UTF-8).
[2025-10-17 13:29:41] [TRACE]   [OmnipathR] JSON validation successful: TRUE
